// Jest Snapshot v1, https://goo.gl/fbAQLP

exports[`LoginPage should match snapshot 1`] = `
<div>
  <div
    class="container"
  >
    <main
      class="main"
    >
      <h1
        class="title"
      >
        Login
      </h1>
      <form
        class="form"
        data-testid="login-form"
      >
        <input
          name="username"
          placeholder="username"
          type="text"
        />
        <input
          name="password"
          type="password"
        />
        <button
          type="submit"
        >
          Submit
        </button>
      </form>
    </main>
  </div>
</div>
`;
